cargo :    Compiling 
lottery v0.0.0 (C:\User
s\AIZEN\Desktop\decentr
alized-lottery\decentra
lized-lottery\contracts
\lottery)
At line:1 char:1
+ cargo test > 
test_output.log 2>&1
+ ~~~~~~~~~~~~~~~~~~~~~
~~~~~~~~~~~~
    + CategoryInfo     
         : NotSpecifi  
  ed: (   Compiling    
 lo...tracts\lotter    
y):String) [], Rem    
oteException
    + FullyQualifiedEr 
   rorId : NativeComm  
  andError
 
error[E0277]: the 
trait bound `u32: 
GenRange` is not 
satisfied
   --> contracts\lotter
y\src\lib.rs:83:39
    |
 83 |         let 
winner_index = env.prng
().gen_range(0..partici
pants_len);
    |                  
                     
^^^^^^^^^ the trait 
`GenRange` is not 
implemented for `u32`
    |
help: the trait 
`GenRange` is 
implemented for `u64`
   --> C:\Users\AIZEN\.
cargo\registry\src\inde
x.crates.io-1949cf8c6b5
b557f\soroban-sdk-25.3.
0\src\prng.rs:464:1
    |
464 | impl GenRange 
for u64 {
    | 
^^^^^^^^^^^^^^^^^^^^^
note: required by a 
bound in 
`Prng::gen_range`
   --> C:\Users\AIZEN\.
cargo\registry\src\inde
x.crates.io-1949cf8c6b5
b557f\soroban-sdk-25.3.
0\src\prng.rs:323:12
    |
321 |     pub fn 
gen_range<T>(&self, r: 
impl RangeBounds<T::Ran
geBound>) -> T
    |            
--------- required by 
a bound in this 
associated function
322 |     where
323 |         T: 
GenRange,
    |            
^^^^^^^^ required by 
this bound in 
`Prng::gen_range`

For more information 
about this error, try 
`rustc --explain 
E0277`.
error: could not 
compile `lottery` (lib 
test) due to 1 
previous error
